   Compiling imgui-wgpu v0.24.0
warning: unexpected `cfg` condition value: `winit`
   --> crates/mapmap-core/src/monitor.rs:122:7
    |
122 | #[cfg(feature = "winit")]
    |       ^^^^^^^^^^^^^^^^^ help: remove the condition
    |
    = note: no expected values for `feature`
    = help: consider adding `winit` as a feature in `Cargo.toml`
    = note: see <https://doc.rust-lang.org/nightly/rustc/check-cfg/cargo-specifics.html> for more information about checking conditional configuration
    = note: `#[warn(unexpected_cfgs)]` on by default

   Compiling imgui-winit-support v0.11.0
   Compiling uuid v1.18.1
   Compiling sharded-slab v0.1.7
   Compiling tokio-macros v2.6.0
   Compiling socket2 v0.6.1
   Compiling mio v1.1.0
   Compiling signal-hook-registry v1.4.6
   Compiling tracing-log v0.2.0
   Compiling thread_local v1.1.9
   Compiling nu-ansi-term v0.50.3
   Compiling bytes v1.11.0
   Compiling urlencoding v2.1.3
warning: `mapmap-core` (lib) generated 1 warning
   Compiling mapmap-render v0.1.0 (/home/john/projects/mapmap/crates/mapmap-render)
   Compiling mapmap-media v0.1.0 (/home/john/projects/mapmap/crates/mapmap-media)
   Compiling mapmap-io v0.1.0 (/home/john/projects/mapmap/crates/mapmap-io)
   Compiling mapmap-ffi v0.1.0 (/home/john/projects/mapmap/crates/mapmap-ffi)
   Compiling rfd v0.14.1
error[E0433]: failed to resolve: could not find `StoreOp` in `wgpu`
   --> crates/mapmap-render/src/oscillator_renderer.rs:691:38
    |
691 |                         store: wgpu::StoreOp::Store,
    |                                      ^^^^^^^ could not find `StoreOp` in `wgpu`

error[E0433]: failed to resolve: could not find `StoreOp` in `wgpu`
   --> crates/mapmap-render/src/oscillator_renderer.rs:778:38
    |
778 |                         store: wgpu::StoreOp::Store,
    |                                      ^^^^^^^ could not find `StoreOp` in `wgpu`

warning: unused imports: `ColorMode` and `SimulationResolution`
 --> crates/mapmap-render/src/oscillator_renderer.rs:7:37
  |
7 | use mapmap_core::{OscillatorConfig, ColorMode, SimulationResolution, PhaseInitMode};
  |                                     ^^^^^^^^^  ^^^^^^^^^^^^^^^^^^^^
  |
  = note: `#[warn(unused_imports)]` (part of `#[warn(unused)]`) on by default

   Compiling mapmap-control v0.1.0 (/home/john/projects/mapmap/crates/mapmap-control)
error[E0560]: struct `wgpu::RenderPassDescriptor<'_, '_>` has no field named `timestamp_writes`
   --> crates/mapmap-render/src/oscillator_renderer.rs:695:17
    |
695 |                 timestamp_writes: None,
    |                 ^^^^^^^^^^^^^^^^ `wgpu::RenderPassDescriptor<'_, '_>` does not have this field
    |
    = note: all struct fields are already assigned

error[E0560]: struct `wgpu::RenderPassDescriptor<'_, '_>` has no field named `occlusion_query_set`
   --> crates/mapmap-render/src/oscillator_renderer.rs:696:17
    |
696 |                 occlusion_query_set: None,
    |                 ^^^^^^^^^^^^^^^^^^^ `wgpu::RenderPassDescriptor<'_, '_>` does not have this field
    |
    = note: all struct fields are already assigned

error[E0560]: struct `wgpu::RenderPassDescriptor<'_, '_>` has no field named `timestamp_writes`
   --> crates/mapmap-render/src/oscillator_renderer.rs:782:17
    |
782 |                 timestamp_writes: None,
    |                 ^^^^^^^^^^^^^^^^ `wgpu::RenderPassDescriptor<'_, '_>` does not have this field
    |
    = note: all struct fields are already assigned

error[E0560]: struct `wgpu::RenderPassDescriptor<'_, '_>` has no field named `occlusion_query_set`
   --> crates/mapmap-render/src/oscillator_renderer.rs:783:17
    |
783 |                 occlusion_query_set: None,
    |                 ^^^^^^^^^^^^^^^^^^^ `wgpu::RenderPassDescriptor<'_, '_>` does not have this field
    |
    = note: all struct fields are already assigned

   Compiling tokio v1.48.0
   Compiling tracing-subscriber v0.3.20
Some errors have detailed explanations: E0433, E0560.
For more information about an error, try `rustc --explain E0433`.
warning: `mapmap-render` (lib) generated 1 warning
error: could not compile `mapmap-render` (lib) due to 6 previous errors; 1 warning emitted
warning: build failed, waiting for other jobs to finish...
